2025-06-05 10:20:00 | DEBUG | repo=pv243-a4m36jee-2016-security-seminar | action=commit
2025-04-05 08:53:00 | DEBUG | repo=pv243-a4m36jee-2016-security-seminar | action=commit
2025-07-09 10:14:00 | DEBUG | repo=pv243-a4m36jee-2016-security-seminar | action=commit
2025-07-16 07:08:00 | INFO | repo=pv243-a4m36jee-2016-security-seminar | action=pull
2025-07-06 08:09:00 | INFO | repo=pv243-a4m36jee-2016-security-seminar | action=commit
2025-10-21 17:35:00 | WARN | repo=pv243-a4m36jee-2016-security-seminar | action=commit
2025-01-25 18:06:00 | DEBUG | repo=pv243-a4m36jee-2016-security-seminar | action=commit
2025-02-17 20:41:00 | INFO | repo=pv243-a4m36jee-2016-security-seminar | action=commit
2025-11-03 20:58:00 | INFO | repo=pv243-a4m36jee-2016-security-seminar | action=commit
2025-06-10 21:54:00 | INFO | repo=pv243-a4m36jee-2016-security-seminar | action=commit
2025-08-03 10:47:00 | WARN | repo=pv243-a4m36jee-2016-security-seminar | action=commit
2025-07-19 11:34:00 | INFO | repo=pv243-a4m36jee-2016-security-seminar | action=commit
2025-08-13 11:48:00 | DEBUG | repo=pv243-a4m36jee-2016-security-seminar | action=commit
2025-03-13 11:18:00 | DEBUG | repo=pv243-a4m36jee-2016-security-seminar | action=commit
2025-07-24 16:02:00 | INFO | repo=pv243-a4m36jee-2016-security-seminar | action=commit
2025-02-09 21:49:00 | DEBUG | repo=pv243-a4m36jee-2016-security-seminar | action=commit
2025-01-03 19:53:00 | INFO | repo=pv243-a4m36jee-2016-security-seminar | action=commit
2025-12-24 11:37:00 | INFO | repo=pv243-a4m36jee-2016-security-seminar | action=test | passed=true
2025-10-06 15:41:00 | INFO | repo=pv243-a4m36jee-2016-security-seminar | action=commit
2025-02-22 13:32:00 | WARN | repo=pv243-a4m36jee-2016-security-seminar | action=edit | files=4
2025-03-03 16:48:00 | WARN | repo=pv243-a4m36jee-2016-security-seminar | action=commit
2025-11-10 18:57:00 | INFO | repo=pv243-a4m36jee-2016-security-seminar | action=test | passed=true
2025-10-27 14:57:00 | INFO | repo=pv243-a4m36jee-2016-security-seminar | action=test | passed=true
2025-07-13 13:23:00 | DEBUG | repo=pv243-a4m36jee-2016-security-seminar | action=test | passed=true
2025-04-23 17:20:00 | INFO | repo=pv243-a4m36jee-2016-security-seminar | action=edit | files=5
2025-05-25 14:21:00 | DEBUG | repo=pv243-a4m36jee-2016-security-seminar | action=commit
2025-01-16 19:21:00 | DEBUG | repo=pv243-a4m36jee-2016-security-seminar | action=commit
2025-07-21 08:11:00 | WARN | repo=pv243-a4m36jee-2016-security-seminar | action=commit
2025-09-06 16:46:00 | INFO | repo=pv243-a4m36jee-2016-security-seminar | action=commit
2025-04-06 07:41:00 | DEBUG | repo=pv243-a4m36jee-2016-security-seminar | action=commit
2025-02-11 10:47:00 | DEBUG | repo=pv243-a4m36jee-2016-security-seminar | action=pull
2025-08-09 09:09:00 | DEBUG | repo=pv243-a4m36jee-2016-security-seminar | action=commit
2025-02-05 12:52:00 | WARN | repo=pv243-a4m36jee-2016-security-seminar | action=edit | files=4
2025-06-26 15:29:00 | WARN | repo=pv243-a4m36jee-2016-security-seminar | action=commit
2025-04-28 10:33:00 | DEBUG | repo=pv243-a4m36jee-2016-security-seminar | action=commit
2025-02-25 21:18:00 | INFO | repo=pv243-a4m36jee-2016-security-seminar | action=commit
2025-06-28 16:50:00 | INFO | repo=pv243-a4m36jee-2016-security-seminar | action=commit
2025-11-15 21:29:00 | DEBUG | repo=pv243-a4m36jee-2016-security-seminar | action=edit | files=5
2025-06-16 11:10:00 | WARN | repo=pv243-a4m36jee-2016-security-seminar | action=commit
2025-10-26 21:52:00 | INFO | repo=pv243-a4m36jee-2016-security-seminar | action=commit
2025-06-07 07:09:00 | DEBUG | repo=pv243-a4m36jee-2016-security-seminar | action=edit | files=1
2025-01-21 15:44:00 | DEBUG | repo=pv243-a4m36jee-2016-security-seminar | action=commit
2025-03-22 18:40:00 | DEBUG | repo=pv243-a4m36jee-2016-security-seminar | action=commit
2025-06-08 17:05:00 | INFO | repo=pv243-a4m36jee-2016-security-seminar | action=commit
2025-11-05 08:09:00 | WARN | repo=pv243-a4m36jee-2016-security-seminar | action=commit
2025-01-01 17:10:00 | WARN | repo=pv243-a4m36jee-2016-security-seminar | action=commit
2025-12-19 19:05:00 | DEBUG | repo=pv243-a4m36jee-2016-security-seminar | action=commit
2025-07-20 14:44:00 | INFO | repo=pv243-a4m36jee-2016-security-seminar | action=pull
2025-02-02 19:04:00 | DEBUG | repo=pv243-a4m36jee-2016-security-seminar | action=pull
2025-02-18 09:07:00 | DEBUG | repo=pv243-a4m36jee-2016-security-seminar | action=commit
2025-02-12 07:11:00 | DEBUG | repo=pv243-a4m36jee-2016-security-seminar | action=commit
2025-12-04 17:30:00 | WARN | repo=pv243-a4m36jee-2016-security-seminar | action=pull
2025-02-22 08:00:00 | DEBUG | repo=pv243-a4m36jee-2016-security-seminar | action=commit
2025-04-02 18:35:00 | INFO | repo=pv243-a4m36jee-2016-security-seminar | action=commit
2025-05-16 18:02:00 | DEBUG | repo=pv243-a4m36jee-2016-security-seminar | action=commit
2025-04-19 21:24:00 | DEBUG | repo=pv243-a4m36jee-2016-security-seminar | action=commit
2025-11-13 10:11:00 | WARN | repo=pv243-a4m36jee-2016-security-seminar | action=commit
2025-07-04 13:45:00 | DEBUG | repo=pv243-a4m36jee-2016-security-seminar | action=commit
2025-06-22 10:50:00 | WARN | repo=pv243-a4m36jee-2016-security-seminar | action=commit
2025-01-27 17:16:00 | INFO | repo=pv243-a4m36jee-2016-security-seminar | action=commit
2025-03-07 15:48:00 | INFO | repo=pv243-a4m36jee-2016-security-seminar | action=commit
